
> imi-inteligencia-imobiliaria@1.0.0 type-check
> tsc --noEmit

scripts/apply-manual-schema.ts(1,30): error TS2307: Cannot find module '@prisma/client' or its corresponding type declarations.
scripts/apply-rls.ts(1,30): error TS2307: Cannot find module '@prisma/client' or its corresponding type declarations.
scripts/create-admin.ts(1,30): error TS2307: Cannot find module '@prisma/client' or its corresponding type declarations.
src/app/(backoffice)/backoffice/avaliacoes/[id]/editar/page.tsx(100,5): error TS2353: Object literal may only specify known properties, and 'propertyBedrooms' does not exist in type 'FormData | (() => FormData)'.
src/app/(backoffice)/backoffice/avaliacoes/[id]/editar/page.tsx(130,9): error TS2353: Object literal may only specify known properties, and 'propertyBedrooms' does not exist in type 'SetStateAction<FormData>'.
src/app/(backoffice)/backoffice/avaliacoes/analytics/page.tsx(82,23): error TS2353: Object literal may only specify known properties, and 'name' does not exist in type 'Breadcrumb'.
src/app/(backoffice)/backoffice/avaliacoes/analytics/page.tsx(83,23): error TS2353: Object literal may only specify known properties, and 'name' does not exist in type 'Breadcrumb'.
src/app/(backoffice)/backoffice/avaliacoes/analytics/page.tsx(84,23): error TS2353: Object literal may only specify known properties, and 'name' does not exist in type 'Breadcrumb'.
src/app/(backoffice)/backoffice/avaliacoes/analytics/page.tsx(128,21): error TS2322: Type '"info"' is not assignable to type '"default" | "primary" | "danger" | "success" | "warning" | undefined'.
src/app/(backoffice)/backoffice/avaliacoes/analytics/page.tsx(284,74): error TS2322: Type '{ title: string; icon: Element; }' is not assignable to type 'IntrinsicAttributes & CardHeaderProps & RefAttributes<HTMLDivElement>'.
  Property 'icon' does not exist on type 'IntrinsicAttributes & CardHeaderProps & RefAttributes<HTMLDivElement>'.
src/app/(backoffice)/backoffice/avaliacoes/email-honorarios/page.tsx(174,13): error TS2739: Type '{ min: number; rec: number; max: number; solicitante: any; tipo_entidade: any; finalidade: any; metodologia_sugerida: any; tipo_imovel: any; endereco_bairro: any; endereco_cidade: any; urgencia: any; ... 4 more ...; observacoes_relevantes: any; }' is missing the following properties from type 'EmailAnalysis': honorariosMin, honorariosRec, honorariosMax
src/app/(backoffice)/backoffice/avaliacoes/exercicios/page.tsx(328,43): error TS2304: Cannot find name 'filtroCategoria'.
src/app/(backoffice)/backoffice/avaliacoes/exercicios/page.tsx(328,67): error TS2304: Cannot find name 'filtroNivel'.
src/app/(backoffice)/backoffice/campanhas/page.tsx(146,1): error TS7053: Element implicitly has an 'any' type because expression of type '"avgCTR"' can't be used to index type '{ budget: number; spent: number; impressions: number; clicks: number; leads: number; conversions: number; revenue: number; }'.
  Property 'avgCTR' does not exist on type '{ budget: number; spent: number; impressions: number; clicks: number; leads: number; conversions: number; revenue: number; }'.
src/app/(backoffice)/backoffice/campanhas/page.tsx(147,1): error TS7053: Element implicitly has an 'any' type because expression of type '"avgCPC"' can't be used to index type '{ budget: number; spent: number; impressions: number; clicks: number; leads: number; conversions: number; revenue: number; }'.
  Property 'avgCPC' does not exist on type '{ budget: number; spent: number; impressions: number; clicks: number; leads: number; conversions: number; revenue: number; }'.
src/app/(backoffice)/backoffice/campanhas/page.tsx(148,1): error TS7053: Element implicitly has an 'any' type because expression of type '"avgCPL"' can't be used to index type '{ budget: number; spent: number; impressions: number; clicks: number; leads: number; conversions: number; revenue: number; }'.
  Property 'avgCPL' does not exist on type '{ budget: number; spent: number; impressions: number; clicks: number; leads: number; conversions: number; revenue: number; }'.
src/app/(backoffice)/backoffice/campanhas/page.tsx(149,1): error TS7053: Element implicitly has an 'any' type because expression of type '"avgROI"' can't be used to index type '{ budget: number; spent: number; impressions: number; clicks: number; leads: number; conversions: number; revenue: number; }'.
  Property 'avgROI' does not exist on type '{ budget: number; spent: number; impressions: number; clicks: number; leads: number; conversions: number; revenue: number; }'.
src/app/(backoffice)/backoffice/campanhas/page.tsx(244,82): error TS2339: Property 'avgROI' does not exist on type '{ budget: number; spent: number; impressions: number; clicks: number; leads: number; conversions: number; revenue: number; }'.
src/app/(backoffice)/backoffice/campanhas/page.tsx(252,81): error TS2339: Property 'avgCTR' does not exist on type '{ budget: number; spent: number; impressions: number; clicks: number; leads: number; conversions: number; revenue: number; }'.
src/app/(backoffice)/backoffice/campanhas/page.tsx(257,106): error TS2339: Property 'avgCPC' does not exist on type '{ budget: number; spent: number; impressions: number; clicks: number; leads: number; conversions: number; revenue: number; }'.
src/app/(backoffice)/backoffice/campanhas/page.tsx(262,106): error TS2339: Property 'avgCPL' does not exist on type '{ budget: number; spent: number; impressions: number; clicks: number; leads: number; conversions: number; revenue: number; }'.
src/app/(backoffice)/backoffice/consultoria/page.tsx(145,23): error TS2353: Object literal may only specify known properties, and 'name' does not exist in type 'Breadcrumb'.
src/app/(backoffice)/backoffice/consultoria/page.tsx(146,23): error TS2353: Object literal may only specify known properties, and 'name' does not exist in type 'Breadcrumb'.
src/app/(backoffice)/backoffice/conteudos/page.tsx(143,13): error TS2353: Object literal may only specify known properties, and 'name' does not exist in type 'Breadcrumb'.
src/app/(backoffice)/backoffice/conteudos/page.tsx(144,13): error TS2353: Object literal may only specify known properties, and 'name' does not exist in type 'Breadcrumb'.
src/app/(backoffice)/backoffice/credito/novo/page.tsx(155,23): error TS2353: Object literal may only specify known properties, and 'name' does not exist in type 'Breadcrumb'.
src/app/(backoffice)/backoffice/credito/novo/page.tsx(156,23): error TS2353: Object literal may only specify known properties, and 'name' does not exist in type 'Breadcrumb'.
src/app/(backoffice)/backoffice/credito/novo/page.tsx(157,23): error TS2353: Object literal may only specify known properties, and 'name' does not exist in type 'Breadcrumb'.
src/app/(backoffice)/backoffice/leads/kanban/page.tsx(66,33): error TS2322: Type '{ placeholder: string; icon: Element; value: string; onChange: (e: ChangeEvent<HTMLInputElement>) => void; className: string; }' is not assignable to type 'IntrinsicAttributes & InputProps & RefAttributes<HTMLInputElement>'.
  Property 'icon' does not exist on type 'IntrinsicAttributes & InputProps & RefAttributes<HTMLInputElement>'.
src/app/(backoffice)/backoffice/settings/corretores/novo/page.tsx(130,54): error TS2322: Type '{ children: Element; title: string; icon: Element; className: string; }' is not assignable to type 'IntrinsicAttributes & CardProps & RefAttributes<HTMLDivElement>'.
  Property 'icon' does not exist on type 'IntrinsicAttributes & CardProps & RefAttributes<HTMLDivElement>'.
src/app/(backoffice)/backoffice/settings/corretores/novo/page.tsx(138,41): error TS2322: Type '{ error: string | undefined; icon: Element; onChange: ChangeHandler; onBlur: ChangeHandler; ref: RefCallBack; name: "name"; min?: string | ... 1 more ... | undefined; ... 6 more ...; placeholder: string; }' is not assignable to type 'IntrinsicAttributes & InputProps & RefAttributes<HTMLInputElement>'.
  Property 'icon' does not exist on type 'IntrinsicAttributes & InputProps & RefAttributes<HTMLInputElement>'.
src/app/(backoffice)/backoffice/settings/corretores/novo/page.tsx(147,41): error TS2322: Type '{ error: string | undefined; icon: Element; onChange: ChangeHandler; onBlur: ChangeHandler; ref: RefCallBack; name: "email"; min?: string | ... 1 more ... | undefined; ... 6 more ...; placeholder: string; }' is not assignable to type 'IntrinsicAttributes & InputProps & RefAttributes<HTMLInputElement>'.
  Property 'icon' does not exist on type 'IntrinsicAttributes & InputProps & RefAttributes<HTMLInputElement>'.
src/app/(backoffice)/backoffice/settings/corretores/novo/page.tsx(156,41): error TS2322: Type '{ error: string | undefined; icon: Element; onChange: ChangeHandler; onBlur: ChangeHandler; ref: RefCallBack; name: "phone"; min?: string | ... 1 more ... | undefined; ... 6 more ...; placeholder: string; }' is not assignable to type 'IntrinsicAttributes & InputProps & RefAttributes<HTMLInputElement>'.
  Property 'icon' does not exist on type 'IntrinsicAttributes & InputProps & RefAttributes<HTMLInputElement>'.
src/app/(backoffice)/backoffice/settings/corretores/novo/page.tsx(165,41): error TS2322: Type '{ error: string | undefined; icon: Element; onChange: ChangeHandler; onBlur: ChangeHandler; ref: RefCallBack; name: "creci"; min?: string | ... 1 more ... | undefined; ... 6 more ...; placeholder: string; }' is not assignable to type 'IntrinsicAttributes & InputProps & RefAttributes<HTMLInputElement>'.
  Property 'icon' does not exist on type 'IntrinsicAttributes & InputProps & RefAttributes<HTMLInputElement>'.
src/app/(backoffice)/backoffice/settings/corretores/novo/page.tsx(181,49): error TS2322: Type '{ children: Element; title: string; icon: Element; className: string; }' is not assignable to type 'IntrinsicAttributes & CardProps & RefAttributes<HTMLDivElement>'.
  Property 'icon' does not exist on type 'IntrinsicAttributes & CardProps & RefAttributes<HTMLDivElement>'.
src/app/(backoffice)/backoffice/settings/corretores/novo/page.tsx(190,41): error TS2322: Type '{ error: string | undefined; icon: Element; onChange: ChangeHandler; onBlur: ChangeHandler; ref: RefCallBack; name: "password"; ... 8 more ...; placeholder: string; }' is not assignable to type 'IntrinsicAttributes & InputProps & RefAttributes<HTMLInputElement>'.
  Property 'icon' does not exist on type 'IntrinsicAttributes & InputProps & RefAttributes<HTMLInputElement>'.
src/app/(backoffice)/backoffice/settings/corretores/novo/page.tsx(200,41): error TS2322: Type '{ error: string | undefined; icon: Element; onChange: ChangeHandler; onBlur: ChangeHandler; ref: RefCallBack; name: "confirmPassword"; ... 8 more ...; placeholder: string; }' is not assignable to type 'IntrinsicAttributes & InputProps & RefAttributes<HTMLInputElement>'.
  Property 'icon' does not exist on type 'IntrinsicAttributes & InputProps & RefAttributes<HTMLInputElement>'.
src/app/(backoffice)/backoffice/settings/corretores/page.tsx(84,29): error TS2322: Type '{ placeholder: string; icon: Element; value: string; onChange: (e: ChangeEvent<HTMLInputElement>) => void; className: string; }' is not assignable to type 'IntrinsicAttributes & InputProps & RefAttributes<HTMLInputElement>'.
  Property 'icon' does not exist on type 'IntrinsicAttributes & InputProps & RefAttributes<HTMLInputElement>'.
src/app/(backoffice)/backoffice/settings/corretores/page.tsx(159,52): error TS2322: Type '"outline" | "success"' is not assignable to type '"default" | "primary" | "danger" | "success" | "info" | "neutral" | "warning" | undefined'.
  Type '"outline"' is not assignable to type '"default" | "primary" | "danger" | "success" | "info" | "neutral" | "warning" | undefined'.
src/app/(backoffice)/backoffice/tracking/links/page.tsx(171,13): error TS2353: Object literal may only specify known properties, and 'name' does not exist in type 'Breadcrumb'.
src/app/(backoffice)/backoffice/tracking/links/page.tsx(172,13): error TS2353: Object literal may only specify known properties, and 'name' does not exist in type 'Breadcrumb'.
src/app/(backoffice)/backoffice/tracking/links/page.tsx(173,13): error TS2353: Object literal may only specify known properties, and 'name' does not exist in type 'Breadcrumb'.
src/app/(backoffice)/backoffice/tracking/links/page.tsx(405,45): error TS2322: Type '{ children: Element[]; key: string; hover: true; }' is not assignable to type 'IntrinsicAttributes & TableRowProps & RefAttributes<HTMLTableRowElement>'.
  Property 'hover' does not exist on type 'IntrinsicAttributes & TableRowProps & RefAttributes<HTMLTableRowElement>'.
src/app/(backoffice)/backoffice/tracking/page.tsx(119,13): error TS2353: Object literal may only specify known properties, and 'name' does not exist in type 'Breadcrumb'.
src/app/(backoffice)/backoffice/tracking/page.tsx(120,13): error TS2353: Object literal may only specify known properties, and 'name' does not exist in type 'Breadcrumb'.
src/app/(backoffice)/backoffice/tracking/page.tsx(179,11): error TS2322: Type '"info"' is not assignable to type '"default" | "primary" | "danger" | "success" | "warning" | undefined'.
src/app/(backoffice)/backoffice/tracking/page.tsx(316,47): error TS2322: Type '{ children: Element[]; key: string; hover: true; }' is not assignable to type 'IntrinsicAttributes & TableRowProps & RefAttributes<HTMLTableRowElement>'.
  Property 'hover' does not exist on type 'IntrinsicAttributes & TableRowProps & RefAttributes<HTMLTableRowElement>'.
src/components/backoffice/imoveis/DevelopmentCard.tsx(29,31): error TS2339: Property 'price_min' does not exist on type 'Development'.
src/components/backoffice/imoveis/PropertyWizard.tsx(122,161): error TS2322: Type '{ placeholder: string; error: string | undefined; icon: Element; onChange: ChangeHandler; onBlur: ChangeHandler; ref: RefCallBack; ... 8 more ...; label: string; }' is not assignable to type 'IntrinsicAttributes & InputProps & RefAttributes<HTMLInputElement>'.
  Property 'icon' does not exist on type 'IntrinsicAttributes & InputProps & RefAttributes<HTMLInputElement>'.
src/components/backoffice/imoveis/PropertyWizard.tsx(124,34): error TS2741: Property 'options' is missing in type '{ children: (Element | Element[])[]; error: string | undefined; onChange: ChangeHandler; onBlur: ChangeHandler; ref: RefCallBack; ... 8 more ...; label: string; }' but required in type 'SelectProps'.
src/components/backoffice/imoveis/PropertyWizard.tsx(133,34): error TS2741: Property 'options' is missing in type '{ children: Element[]; error: string | undefined; onChange: ChangeHandler; onBlur: ChangeHandler; ref: RefCallBack; name: "property_type"; ... 7 more ...; label: string; }' but required in type 'SelectProps'.
src/components/backoffice/imoveis/PropertyWizard.tsx(140,34): error TS2741: Property 'options' is missing in type '{ children: Element[]; error: string | undefined; onChange: ChangeHandler; onBlur: ChangeHandler; ref: RefCallBack; name: "status"; ... 7 more ...; label: string; }' but required in type 'SelectProps'.
src/components/backoffice/imoveis/PropertyWizard.tsx(155,136): error TS2322: Type '{ placeholder: string; error: string | undefined; icon: Element; onChange: ChangeHandler; onBlur: ChangeHandler; ref: RefCallBack; ... 8 more ...; label: string; }' is not assignable to type 'IntrinsicAttributes & InputProps & RefAttributes<HTMLInputElement>'.
  Property 'icon' does not exist on type 'IntrinsicAttributes & InputProps & RefAttributes<HTMLInputElement>'.
src/components/backoffice/imoveis/PropertyWizard.tsx(163,147): error TS2322: Type '{ placeholder: string; error: string | undefined; icon: Element; onChange: ChangeHandler; onBlur: ChangeHandler; ref: RefCallBack; ... 9 more ...; type: "number"; }' is not assignable to type 'IntrinsicAttributes & InputProps & RefAttributes<HTMLInputElement>'.
  Property 'icon' does not exist on type 'IntrinsicAttributes & InputProps & RefAttributes<HTMLInputElement>'.
src/components/backoffice/imoveis/PropertyWizard.tsx(201,47): error TS2322: Type '{ children: string; type: "submit"; isLoading: boolean; icon: Element; }' is not assignable to type 'IntrinsicAttributes & ButtonProps & RefAttributes<HTMLButtonElement>'.
  Property 'isLoading' does not exist on type 'IntrinsicAttributes & ButtonProps & RefAttributes<HTMLButtonElement>'. Did you mean 'loading'?
src/components/backoffice/imoveis/TrackingLinkModal.tsx(103,111): error TS2339: Property 'title' does not exist on type 'Development'.
src/components/backoffice/leads/LeadsKanbanBoard.tsx(280,22): error TS2345: Argument of type 'ParserError<"Unable to parse renamed field at `assigned_user:auth.users(name)\n      `">[]' is not assignable to parameter of type 'SetStateAction<Lead[]>'.
  Type 'ParserError<"Unable to parse renamed field at `assigned_user:auth.users(name)\n      `">[]' is not assignable to type 'Lead[]'.
    Type '{ error: true; } & String' is missing the following properties from type 'Lead': id, name, email, phone, and 10 more.
src/components/properties/PropertyImageUpload.tsx(6,10): error TS2305: Module '"@/lib/supabase-storage"' has no exported member 'storageService'.
src/hooks/use-brokers.ts(3,30): error TS2307: Cannot find module 'uuid' or its corresponding type declarations.
src/hooks/use-leads-complete.ts(116,28): error TS2352: Conversion of type 'ParserError<"Unable to parse renamed field at `assigned_user:auth.users(id, name)\n        `">[]' to type 'Lead[]' may be a mistake because neither type sufficiently overlaps with the other. If this was intentional, convert the expression to 'unknown' first.
  Type '{ error: true; } & String' is missing the following properties from type 'Lead': id, name, email, phone, and 12 more.
src/hooks/use-leads-complete.ts(148,20): error TS2352: Conversion of type 'ParserError<"Unable to parse renamed field at `assigned_user:auth.users(id, name),\n          interactions:lead_interactions(*)\n        `">' to type 'Lead' may be a mistake because neither type sufficiently overlaps with the other. If this was intentional, convert the expression to 'unknown' first.
  Type '{ error: true; } & String' is missing the following properties from type 'Lead': id, name, email, phone, and 12 more.
src/modules/imoveis/components/MediaUploader.tsx(7,10): error TS2305: Module '"@/lib/supabase/storage"' has no exported member 'uploadFile'.
src/modules/imoveis/components/MediaUploader.tsx(7,22): error TS2305: Module '"@/lib/supabase/storage"' has no exported member 'deleteFile'.
src/modules/imoveis/components/PropertyForm.tsx(423,21): error TS2322: Type 'string | undefined' is not assignable to type 'string | string[]'.
  Type 'undefined' is not assignable to type 'string | string[]'.
src/modules/imoveis/components/TrackingLinkModal.tsx(119,33): error TS2322: Type '{ label: string; value: string; onChange: (e: ChangeEvent<HTMLInputElement>) => void; placeholder: string; helpText: string; }' is not assignable to type 'IntrinsicAttributes & InputProps & RefAttributes<HTMLInputElement>'.
  Property 'helpText' does not exist on type 'IntrinsicAttributes & InputProps & RefAttributes<HTMLInputElement>'.
src/modules/imoveis/utils/propertyMapper.ts(85,13): error TS2353: Object literal may only specify known properties, and 'brochure' does not exist in type 'DevelopmentImages'.
